// Jest Snapshot v1, https://goo.gl/fbAQLP

exports[`expect Login page rendering 1`] = `
<main
  role="main"
>
  <div
    className="container"
  >
    <div
      className="row"
    >
      <div
        className="maincontent side-innhold"
      >
        <div
          className="col-md-12"
          id="dittnav-main-container"
        >
          <section
            className="infomeldinger-list"
          >
            <h1
              className="skjermleser"
            >
              <span>
                Varsler
              </span>
            </h1>
            <a
              className="lenkepanel infomelding beskjed lenkepanel--border"
              href="https://www.nav.no/no/person/innhold-til-person-forside/nyttig-a-vite/koronavirus--informasjon-fra-nav"
              onClick={null}
            >
              <div
                className="lenkepanel__innhold"
              >
                <div
                  className="lenkepanel__ikon"
                >
                  <svg
                    height="48px"
                    version="1.1"
                    viewBox="0 0 48 48"
                    width="48px"
                    xmlns="http://www.w3.org/2000/svg"
                    xmlnsXlink="http://www.w3.org/1999/xlink"
                  >
                    <g
                      fill="none"
                      fillRule="evenodd"
                      stroke="none"
                      strokeWidth="1"
                    >
                      <g
                        transform="translate(-382.000000, -303.000000)"
                      >
                        <g
                          transform="translate(382.000000, 303.000000)"
                        >
                          <circle
                            cx="24"
                            cy="24"
                            fill="#C2EAF7"
                            r="24"
                          />
                          <path
                            d="M23.5,12 C29.8410001,12 35,17.159 35,23.5 C35,29.8410001 29.8410001,35 23.5,35 C17.159,35 12,29.8410001 12,23.5 C12,17.159 17.159,12 23.5,12 Z M23.5,13 C17.71,13 13,17.71 13,23.5 C13,29.2900001 17.71,34 23.5,34 C29.2900001,34 34,29.2900001 34,23.5 C34,17.71 29.2900001,13 23.5,13 Z M21.5,21 L23.5,21 C23.7453334,21 23.9495803,21.1769877 23.9919397,21.4101619 L24,21.5 L24,30 L26.5,30 C26.7760001,30 27,30.2240001 27,30.5 C27,30.7453334 26.8230124,30.9495803 26.5898382,30.9919397 L26.5,31 L20.5,31 C20.224,31 20,30.7760001 20,30.5 C20,30.2546667 20.1769877,30.0504198 20.4101619,30.0080604 L20.5,30 L23,30 L23,22 L21.5,22 C21.224,22 21,21.776 21,21.5 C21,21.2546667 21.1769877,21.0504198 21.4101619,21.0080604 L21.5,21 L23.5,21 Z M23,16.5 C23.5522848,16.5 24,16.9477153 24,17.5 C24,18.0522848 23.5522848,18.5 23,18.5 C22.4477153,18.5 22,18.0522848 22,17.5 C22,16.9477153 22.4477153,16.5 23,16.5 Z"
                            fill="#3E3832"
                            id="Combined-Shape"
                          />
                        </g>
                      </g>
                    </g>
                  </svg>
                </div>
                <div>
                  <h2
                    className="typo-undertittel lenkepanel__heading"
                  >
                    <span>
                      Koronavirus – informasjon fra NAV
                    </span>
                  </h2>
                  <p
                    className="typo-normal"
                  >
                    <span>
                      Om sykmelding, omsorgspenger, permittering, papirmeldekort, arbeidsmarkedstiltak, akuttolk for døve m.fl.
                    </span>
                  </p>
                </div>
              </div>
              <span
                className="lenkepanel__indikator"
              />
            </a>
          </section>
          <div
            className="dittnav-lenkepanel-top-container"
          >
            <div
              className="dittnav-lenkepanel-liten"
              id={null}
            >
              <a
                alt="Dine saker"
                className="lenkepanel dittnav-lenkepanel-liten-item lenkepanel--border"
                href="http://localhost:9222/saksoversikt"
              >
                <span
                  className="typo-undertittel lenkepanel__heading"
                >
                  <span>
                    Dine saker
                  </span>
                </span>
                <span
                  className="lenkepanel__indikator"
                />
              </a>
              <a
                alt="Utbetalinger"
                className="lenkepanel dittnav-lenkepanel-liten-item lenkepanel--border"
                href="http://localhost:9222/utbetalingsoversikt"
              >
                <span
                  className="typo-undertittel lenkepanel__heading"
                >
                  <span>
                    Dine utbetalinger
                  </span>
                </span>
                <span
                  className="lenkepanel__indikator"
                />
              </a>
              <a
                alt="Innboks"
                className="lenkepanel dittnav-lenkepanel-liten-item last lenkepanel--border"
                href="http://localhost:9222/mininnboks"
              >
                <span
                  className="typo-undertittel lenkepanel__heading"
                >
                  <span>
                    Innboks
                  </span>
                </span>
                <span
                  className="lenkepanel__indikator"
                />
              </a>
            </div>
          </div>
          <h2
            className="typo-undertittel flere-tjenester__subheader"
          >
            <span>
              Flere tjenester
            </span>
          </h2>
          <div
            className="flere-tjenester"
          >
            <nav
              className="flere-tjenester__links"
            >
              <div
                className="flere-tjenester__link-container"
              >
                <p
                  className="typo-normal"
                >
                  <a
                    className="lenke flere-tjenester__link"
                    data-ga="Dittnav/Lenkeliste"
                    href="https://arbeidsplassen.nav.no/stillinger"
                  >
                    Ledige stillinger
                  </a>
                </p>
              </div>
              <div
                className="flere-tjenester__link-container"
              >
                <p
                  className="typo-normal"
                >
                  <a
                    className="lenke flere-tjenester__link"
                    data-ga="Dittnav/Lenkeliste"
                    href="http://localhost:9222/pselv/publisering/uforetrygd.jsf?context=ut"
                  >
                    Uføretrygd
                  </a>
                </p>
              </div>
              <div
                className="flere-tjenester__link-container"
              >
                <p
                  className="typo-normal"
                >
                  <a
                    className="lenke flere-tjenester__link"
                    data-ga="Dittnav/Lenkeliste"
                    href="https://foreldrepenger.nav.no"
                  >
                    Dine foreldrepenger
                  </a>
                </p>
              </div>
              <div
                className="flere-tjenester__link-container"
              >
                <p
                  className="typo-normal"
                >
                  <a
                    className="lenke flere-tjenester__link"
                    data-ga="Dittnav/Lenkeliste"
                    href="http://localhost:9222/aktivitetsplan"
                  >
                    Aktivitetsplan
                  </a>
                </p>
              </div>
              <div
                className="flere-tjenester__link-container"
              >
                <p
                  className="typo-normal"
                >
                  <a
                    className="lenke flere-tjenester__link"
                    data-ga="Dittnav/Lenkeliste"
                    href="http://localhost:9222/meldekort/om-meldekort"
                  >
                    Meldekort
                  </a>
                </p>
              </div>
              <div
                className="flere-tjenester__link-container"
              >
                <p
                  className="typo-normal"
                >
                  <a
                    className="lenke flere-tjenester__link"
                    data-ga="Dittnav/Lenkeliste"
                    href="http://localhost:9222/veiledearbeidssoker/mistet-jobben/registrering"
                  >
                    Registrer deg som arbeidssøker
                  </a>
                </p>
              </div>
              <div
                className="flere-tjenester__link-container"
              >
                <p
                  className="typo-normal"
                >
                  <a
                    className="lenke flere-tjenester__link"
                    data-ga="Dittnav/Lenkeliste"
                    href="https://stillingsok.nav.no/pam-stillingsok/lagrede-sok"
                  >
                    Dine stillingssøk
                  </a>
                </p>
              </div>
              <div
                className="flere-tjenester__link-container"
              >
                <p
                  className="typo-normal"
                >
                  <a
                    className="lenke flere-tjenester__link"
                    data-ga="Dittnav/Lenkeliste"
                    href="http://localhost:9222/person/personopplysninger"
                  >
                    Personopplysninger
                  </a>
                </p>
              </div>
            </nav>
          </div>
        </div>
      </div>
    </div>
  </div>
</main>
`;

exports[`expect MeldekortInfo fetching 1`] = `
<RenderHome
  api={
    Object {
      "fetchHendelser": [Function],
      "fetchMeldekort": [Function],
      "fetchMeldinger": [Function],
      "fetchOppfolging": [Function],
      "fetchPersonIdent": [Function],
      "fetchPersonNavn": [Function],
      "fetchSaker": [Function],
      "fetchSakstema": [Function],
    }
  }
/>
`;

exports[`expect Oppfolging fetching 1`] = `
<RenderHome
  api={
    Object {
      "fetchHendelser": [Function],
      "fetchMeldekort": [Function],
      "fetchMeldinger": [Function],
      "fetchOppfolging": [Function],
      "fetchPersonIdent": [Function],
      "fetchPersonNavn": [Function],
      "fetchSaker": [Function],
      "fetchSakstema": [Function],
    }
  }
/>
`;

exports[`expect PaabegynteSoknader fetching 1`] = `
<RenderHome
  api={
    Object {
      "fetchHendelser": [Function],
      "fetchMeldekort": [Function],
      "fetchMeldinger": [Function],
      "fetchOppfolging": [Function],
      "fetchPersonIdent": [Function],
      "fetchPersonNavn": [Function],
      "fetchSaker": [Function],
      "fetchSakstema": [Function],
    }
  }
/>
`;

exports[`expect Personalia ident fetching 1`] = `
<RenderHome
  api={
    Object {
      "fetchHendelser": [Function],
      "fetchMeldekort": [Function],
      "fetchMeldinger": [Function],
      "fetchOppfolging": [Function],
      "fetchPersonIdent": [Function],
      "fetchPersonNavn": [Function],
      "fetchSaker": [Function],
      "fetchSakstema": [Function],
    }
  }
/>
`;

exports[`expect Personalia navn fetching 1`] = `
<RenderHome
  api={
    Object {
      "fetchHendelser": [Function],
      "fetchMeldekort": [Function],
      "fetchMeldinger": [Function],
      "fetchOppfolging": [Function],
      "fetchPersonIdent": [Function],
      "fetchPersonNavn": [Function],
      "fetchSaker": [Function],
      "fetchSakstema": [Function],
    }
  }
/>
`;
