// Jest Snapshot v1, https://goo.gl/fbAQLP

exports[`Beskjed with empty link 1`] = `
<div
  className="panel beskjed panel--border"
>
  <div
    className="beskjed__ikon"
  >
    <svg
      fill="none"
      height="48"
      viewBox="0 0 54 54"
      width="48"
      xmlns="http://www.w3.org/2000/svg"
    >
      <circle
        cx="27"
        cy="27"
        fill="#97E6FF"
        r="27"
      />
      <path
        clipRule="evenodd"
        d="M15 27C15 20.3833 20.3833 15 27 15C33.6167 15 39 20.3833 39 27C39 33.6167 33.6167 39 27 39C20.3833 39 15 33.6167 15 27ZM16.0435 27C16.0435 33.0417 20.9583 37.9565 27 37.9565C33.0417 37.9565 37.9565 33.0417 37.9565 27C37.9565 20.9582 33.0417 16.0435 27 16.0435C20.9583 16.0435 16.0435 20.9582 16.0435 27ZM30.1304 33.7824H27.5217V24.9129C27.5217 24.6249 27.288 24.3911 27 24.3911H24.913C24.625 24.3911 24.3913 24.6249 24.3913 24.9129C24.3913 25.2009 24.625 25.4346 24.913 25.4346H26.4783V33.7824H23.8696C23.5816 33.7824 23.3478 34.0162 23.3478 34.3042C23.3478 34.5922 23.5816 34.8259 23.8696 34.8259H30.1304C30.4184 34.8259 30.6522 34.5922 30.6522 34.3042C30.6522 34.0162 30.4184 33.7824 30.1304 33.7824ZM27.5217 20.7393C27.5217 21.3156 27.0546 21.7828 26.4783 21.7828C25.902 21.7828 25.4348 21.3156 25.4348 20.7393C25.4348 20.163 25.902 19.6958 26.4783 19.6958C27.0546 19.6958 27.5217 20.163 27.5217 20.7393Z"
        fill="#262626"
        fillRule="evenodd"
      />
    </svg>
  </div>
  <div
    className="beskjed__tekst"
  >
    <p
      className="typo-normal"
    >
      <span>
        Vi mottok søknaden din 18. september 2019. Du kan følge med på statusen i Dine foreldrepen... 
        
        <span>
          
          <a
            className="lenke utvid-tekst-lenke__aapne"
            href="#"
            onClick={[Function]}
          >
            Åpne
            <span
              className="nav-frontend-chevron chevronboks chevron--ned"
            />
          </a>
        </span>
      </span>
    </p>
    <p
      className="typo-undertekst beskjed__etikett"
    >
      13.03.2020 - 09:53
    </p>
  </div>
  <div
    className="beskjed__knapp"
  >
    <button
      className="lukknapp lukknapp--bla"
      onClick={[Function]}
    >
      <span
        className="text-hide"
      >
        Fjern beskjeden
      </span>
    </button>
  </div>
</div>
`;

exports[`Beskjed with link 1`] = `
<div
  className="panel beskjed panel--border"
>
  <div
    className="beskjed__ikon"
  >
    <svg
      fill="none"
      height="48"
      viewBox="0 0 54 54"
      width="48"
      xmlns="http://www.w3.org/2000/svg"
    >
      <circle
        cx="27"
        cy="27"
        fill="#97E6FF"
        r="27"
      />
      <path
        clipRule="evenodd"
        d="M15 27C15 20.3833 20.3833 15 27 15C33.6167 15 39 20.3833 39 27C39 33.6167 33.6167 39 27 39C20.3833 39 15 33.6167 15 27ZM16.0435 27C16.0435 33.0417 20.9583 37.9565 27 37.9565C33.0417 37.9565 37.9565 33.0417 37.9565 27C37.9565 20.9582 33.0417 16.0435 27 16.0435C20.9583 16.0435 16.0435 20.9582 16.0435 27ZM30.1304 33.7824H27.5217V24.9129C27.5217 24.6249 27.288 24.3911 27 24.3911H24.913C24.625 24.3911 24.3913 24.6249 24.3913 24.9129C24.3913 25.2009 24.625 25.4346 24.913 25.4346H26.4783V33.7824H23.8696C23.5816 33.7824 23.3478 34.0162 23.3478 34.3042C23.3478 34.5922 23.5816 34.8259 23.8696 34.8259H30.1304C30.4184 34.8259 30.6522 34.5922 30.6522 34.3042C30.6522 34.0162 30.4184 33.7824 30.1304 33.7824ZM27.5217 20.7393C27.5217 21.3156 27.0546 21.7828 26.4783 21.7828C25.902 21.7828 25.4348 21.3156 25.4348 20.7393C25.4348 20.163 25.902 19.6958 26.4783 19.6958C27.0546 19.6958 27.5217 20.163 27.5217 20.7393Z"
        fill="#262626"
        fillRule="evenodd"
      />
    </svg>
  </div>
  <div
    className="beskjed__tekst"
  >
    <p
      className="typo-normal"
    >
      <span>
        Vi mottok søknaden din 18. september 2019. Du kan følge med på statusen i Dine foreldrepen... 
        
        <span>
          
          <a
            className="lenke utvid-tekst-lenke__aapne"
            href="#"
            onClick={[Function]}
          >
            Åpne
            <span
              className="nav-frontend-chevron chevronboks chevron--ned"
            />
          </a>
        </span>
      </span>
    </p>
    <p
      className="typo-undertekst beskjed__etikett"
    >
      13.03.2020 - 09:53
    </p>
  </div>
  <div
    className="beskjed__knapp"
  >
    <button
      className="lukknapp lukknapp--bla"
      onClick={[Function]}
    >
      <span
        className="text-hide"
      >
        Fjern beskjeden
      </span>
    </button>
  </div>
</div>
`;

exports[`Beskjed with null as link 1`] = `
<div
  className="panel beskjed panel--border"
>
  <div
    className="beskjed__ikon"
  >
    <svg
      fill="none"
      height="48"
      viewBox="0 0 54 54"
      width="48"
      xmlns="http://www.w3.org/2000/svg"
    >
      <circle
        cx="27"
        cy="27"
        fill="#97E6FF"
        r="27"
      />
      <path
        clipRule="evenodd"
        d="M15 27C15 20.3833 20.3833 15 27 15C33.6167 15 39 20.3833 39 27C39 33.6167 33.6167 39 27 39C20.3833 39 15 33.6167 15 27ZM16.0435 27C16.0435 33.0417 20.9583 37.9565 27 37.9565C33.0417 37.9565 37.9565 33.0417 37.9565 27C37.9565 20.9582 33.0417 16.0435 27 16.0435C20.9583 16.0435 16.0435 20.9582 16.0435 27ZM30.1304 33.7824H27.5217V24.9129C27.5217 24.6249 27.288 24.3911 27 24.3911H24.913C24.625 24.3911 24.3913 24.6249 24.3913 24.9129C24.3913 25.2009 24.625 25.4346 24.913 25.4346H26.4783V33.7824H23.8696C23.5816 33.7824 23.3478 34.0162 23.3478 34.3042C23.3478 34.5922 23.5816 34.8259 23.8696 34.8259H30.1304C30.4184 34.8259 30.6522 34.5922 30.6522 34.3042C30.6522 34.0162 30.4184 33.7824 30.1304 33.7824ZM27.5217 20.7393C27.5217 21.3156 27.0546 21.7828 26.4783 21.7828C25.902 21.7828 25.4348 21.3156 25.4348 20.7393C25.4348 20.163 25.902 19.6958 26.4783 19.6958C27.0546 19.6958 27.5217 20.163 27.5217 20.7393Z"
        fill="#262626"
        fillRule="evenodd"
      />
    </svg>
  </div>
  <div
    className="beskjed__tekst"
  >
    <p
      className="typo-normal"
    >
      <span>
        Vi mottok søknaden din 18. september 2019. Du kan følge med på statusen i Dine foreldrepen... 
        
        <span>
          
          <a
            className="lenke utvid-tekst-lenke__aapne"
            href="#"
            onClick={[Function]}
          >
            Åpne
            <span
              className="nav-frontend-chevron chevronboks chevron--ned"
            />
          </a>
        </span>
      </span>
    </p>
    <p
      className="typo-undertekst beskjed__etikett"
    >
      13.03.2020 - 09:53
    </p>
  </div>
  <div
    className="beskjed__knapp"
  >
    <button
      className="lukknapp lukknapp--bla"
      onClick={[Function]}
    >
      <span
        className="text-hide"
      >
        Fjern beskjeden
      </span>
    </button>
  </div>
</div>
`;

exports[`Beskjed with sikkerhetsnivaa 3 and innloggingsnivaa 3 1`] = `
<div
  className="panel beskjed panel--border"
>
  <div
    className="beskjed__ikon"
  >
    <svg
      fill="none"
      height="48"
      viewBox="0 0 54 54"
      width="48"
      xmlns="http://www.w3.org/2000/svg"
    >
      <circle
        cx="27"
        cy="27"
        fill="#97E6FF"
        r="27"
      />
      <path
        clipRule="evenodd"
        d="M15 27C15 20.3833 20.3833 15 27 15C33.6167 15 39 20.3833 39 27C39 33.6167 33.6167 39 27 39C20.3833 39 15 33.6167 15 27ZM16.0435 27C16.0435 33.0417 20.9583 37.9565 27 37.9565C33.0417 37.9565 37.9565 33.0417 37.9565 27C37.9565 20.9582 33.0417 16.0435 27 16.0435C20.9583 16.0435 16.0435 20.9582 16.0435 27ZM30.1304 33.7824H27.5217V24.9129C27.5217 24.6249 27.288 24.3911 27 24.3911H24.913C24.625 24.3911 24.3913 24.6249 24.3913 24.9129C24.3913 25.2009 24.625 25.4346 24.913 25.4346H26.4783V33.7824H23.8696C23.5816 33.7824 23.3478 34.0162 23.3478 34.3042C23.3478 34.5922 23.5816 34.8259 23.8696 34.8259H30.1304C30.4184 34.8259 30.6522 34.5922 30.6522 34.3042C30.6522 34.0162 30.4184 33.7824 30.1304 33.7824ZM27.5217 20.7393C27.5217 21.3156 27.0546 21.7828 26.4783 21.7828C25.902 21.7828 25.4348 21.3156 25.4348 20.7393C25.4348 20.163 25.902 19.6958 26.4783 19.6958C27.0546 19.6958 27.5217 20.163 27.5217 20.7393Z"
        fill="#262626"
        fillRule="evenodd"
      />
    </svg>
  </div>
  <div
    className="beskjed__tekst"
  >
    <p
      className="typo-normal"
    >
      <span>
        Vi mottok søknaden din 18. september 2019. Du kan følge med på statusen i Dine foreldrepen... 
        
        <span>
          
          <a
            className="lenke utvid-tekst-lenke__aapne"
            href="#"
            onClick={[Function]}
          >
            Åpne
            <span
              className="nav-frontend-chevron chevronboks chevron--ned"
            />
          </a>
        </span>
      </span>
    </p>
    <p
      className="typo-undertekst beskjed__etikett"
    >
      13.03.2020 - 09:53
    </p>
  </div>
  <div
    className="beskjed__knapp"
  >
    <button
      className="lukknapp lukknapp--bla"
      onClick={[Function]}
    >
      <span
        className="text-hide"
      >
        Fjern beskjeden
      </span>
    </button>
  </div>
</div>
`;

exports[`Beskjed with sikkerhetsnivaa 3 and innloggingsnivaa 4 1`] = `
<div
  className="panel beskjed panel--border"
>
  <div
    className="beskjed__ikon"
  >
    <svg
      fill="none"
      height="48"
      viewBox="0 0 54 54"
      width="48"
      xmlns="http://www.w3.org/2000/svg"
    >
      <circle
        cx="27"
        cy="27"
        fill="#97E6FF"
        r="27"
      />
      <path
        clipRule="evenodd"
        d="M15 27C15 20.3833 20.3833 15 27 15C33.6167 15 39 20.3833 39 27C39 33.6167 33.6167 39 27 39C20.3833 39 15 33.6167 15 27ZM16.0435 27C16.0435 33.0417 20.9583 37.9565 27 37.9565C33.0417 37.9565 37.9565 33.0417 37.9565 27C37.9565 20.9582 33.0417 16.0435 27 16.0435C20.9583 16.0435 16.0435 20.9582 16.0435 27ZM30.1304 33.7824H27.5217V24.9129C27.5217 24.6249 27.288 24.3911 27 24.3911H24.913C24.625 24.3911 24.3913 24.6249 24.3913 24.9129C24.3913 25.2009 24.625 25.4346 24.913 25.4346H26.4783V33.7824H23.8696C23.5816 33.7824 23.3478 34.0162 23.3478 34.3042C23.3478 34.5922 23.5816 34.8259 23.8696 34.8259H30.1304C30.4184 34.8259 30.6522 34.5922 30.6522 34.3042C30.6522 34.0162 30.4184 33.7824 30.1304 33.7824ZM27.5217 20.7393C27.5217 21.3156 27.0546 21.7828 26.4783 21.7828C25.902 21.7828 25.4348 21.3156 25.4348 20.7393C25.4348 20.163 25.902 19.6958 26.4783 19.6958C27.0546 19.6958 27.5217 20.163 27.5217 20.7393Z"
        fill="#262626"
        fillRule="evenodd"
      />
    </svg>
  </div>
  <div
    className="beskjed__tekst"
  >
    <p
      className="typo-normal"
    >
      <span>
        Vi mottok søknaden din 18. september 2019. Du kan følge med på statusen i Dine foreldrepen... 
        
        <span>
          
          <a
            className="lenke utvid-tekst-lenke__aapne"
            href="#"
            onClick={[Function]}
          >
            Åpne
            <span
              className="nav-frontend-chevron chevronboks chevron--ned"
            />
          </a>
        </span>
      </span>
    </p>
    <p
      className="typo-undertekst beskjed__etikett"
    >
      13.03.2020 - 09:53
    </p>
  </div>
  <div
    className="beskjed__knapp"
  >
    <button
      className="lukknapp lukknapp--bla"
      onClick={[Function]}
    >
      <span
        className="text-hide"
      >
        Fjern beskjeden
      </span>
    </button>
  </div>
</div>
`;

exports[`Beskjed with sikkerhetsnivaa 4 and innloggingsnivaa 3 1`] = `
<div
  className="panel beskjed panel--border"
>
  <div
    className="beskjed__ikon"
  >
    <svg
      fill="none"
      height="48"
      viewBox="0 0 54 54"
      width="48"
      xmlns="http://www.w3.org/2000/svg"
    >
      <circle
        cx="27"
        cy="27"
        fill="#97E6FF"
        r="27"
      />
      <path
        clipRule="evenodd"
        d="M15 27C15 20.3833 20.3833 15 27 15C33.6167 15 39 20.3833 39 27C39 33.6167 33.6167 39 27 39C20.3833 39 15 33.6167 15 27ZM16.0435 27C16.0435 33.0417 20.9583 37.9565 27 37.9565C33.0417 37.9565 37.9565 33.0417 37.9565 27C37.9565 20.9582 33.0417 16.0435 27 16.0435C20.9583 16.0435 16.0435 20.9582 16.0435 27ZM30.1304 33.7824H27.5217V24.9129C27.5217 24.6249 27.288 24.3911 27 24.3911H24.913C24.625 24.3911 24.3913 24.6249 24.3913 24.9129C24.3913 25.2009 24.625 25.4346 24.913 25.4346H26.4783V33.7824H23.8696C23.5816 33.7824 23.3478 34.0162 23.3478 34.3042C23.3478 34.5922 23.5816 34.8259 23.8696 34.8259H30.1304C30.4184 34.8259 30.6522 34.5922 30.6522 34.3042C30.6522 34.0162 30.4184 33.7824 30.1304 33.7824ZM27.5217 20.7393C27.5217 21.3156 27.0546 21.7828 26.4783 21.7828C25.902 21.7828 25.4348 21.3156 25.4348 20.7393C25.4348 20.163 25.902 19.6958 26.4783 19.6958C27.0546 19.6958 27.5217 20.163 27.5217 20.7393Z"
        fill="#262626"
        fillRule="evenodd"
      />
    </svg>
  </div>
  <div
    className="beskjed__tekst"
  >
    <p
      className="typo-normal"
    >
      <span>
        Du har fått en beskjed.
        <a
          className="lenke panel-lenke"
          href="undefined"
          id="panel-lenke-id"
          onClick={[Function]}
        >
          Logg inn med høyere sikkerhetsnivå for å se beskjeden
        </a>
      </span>
    </p>
    <p
      className="typo-undertekst beskjed__etikett"
    >
      13.03.2020 - 09:53
    </p>
  </div>
</div>
`;

exports[`Beskjed with sikkerhetsnivaa 4 and innloggingsnivaa 4 1`] = `
<div
  className="panel beskjed panel--border"
>
  <div
    className="beskjed__ikon"
  >
    <svg
      fill="none"
      height="48"
      viewBox="0 0 54 54"
      width="48"
      xmlns="http://www.w3.org/2000/svg"
    >
      <circle
        cx="27"
        cy="27"
        fill="#97E6FF"
        r="27"
      />
      <path
        clipRule="evenodd"
        d="M15 27C15 20.3833 20.3833 15 27 15C33.6167 15 39 20.3833 39 27C39 33.6167 33.6167 39 27 39C20.3833 39 15 33.6167 15 27ZM16.0435 27C16.0435 33.0417 20.9583 37.9565 27 37.9565C33.0417 37.9565 37.9565 33.0417 37.9565 27C37.9565 20.9582 33.0417 16.0435 27 16.0435C20.9583 16.0435 16.0435 20.9582 16.0435 27ZM30.1304 33.7824H27.5217V24.9129C27.5217 24.6249 27.288 24.3911 27 24.3911H24.913C24.625 24.3911 24.3913 24.6249 24.3913 24.9129C24.3913 25.2009 24.625 25.4346 24.913 25.4346H26.4783V33.7824H23.8696C23.5816 33.7824 23.3478 34.0162 23.3478 34.3042C23.3478 34.5922 23.5816 34.8259 23.8696 34.8259H30.1304C30.4184 34.8259 30.6522 34.5922 30.6522 34.3042C30.6522 34.0162 30.4184 33.7824 30.1304 33.7824ZM27.5217 20.7393C27.5217 21.3156 27.0546 21.7828 26.4783 21.7828C25.902 21.7828 25.4348 21.3156 25.4348 20.7393C25.4348 20.163 25.902 19.6958 26.4783 19.6958C27.0546 19.6958 27.5217 20.163 27.5217 20.7393Z"
        fill="#262626"
        fillRule="evenodd"
      />
    </svg>
  </div>
  <div
    className="beskjed__tekst"
  >
    <p
      className="typo-normal"
    >
      <span>
        Vi mottok søknaden din 18. september 2019. Du kan følge med på statusen i Dine foreldrepen... 
        
        <span>
          
          <a
            className="lenke utvid-tekst-lenke__aapne"
            href="#"
            onClick={[Function]}
          >
            Åpne
            <span
              className="nav-frontend-chevron chevronboks chevron--ned"
            />
          </a>
        </span>
      </span>
    </p>
    <p
      className="typo-undertekst beskjed__etikett"
    >
      13.03.2020 - 09:53
    </p>
  </div>
  <div
    className="beskjed__knapp"
  >
    <button
      className="lukknapp lukknapp--bla"
      onClick={[Function]}
    >
      <span
        className="text-hide"
      >
        Fjern beskjeden
      </span>
    </button>
  </div>
</div>
`;
