// Jest Snapshot v1, https://goo.gl/fbAQLP

exports[`DittLink renders 1`] = `
<a
  className=""
  href="/dittnav"
  onClick={[Function]}
>
  <div>
    hello
  </div>
</a>
`;
