// Jest Snapshot v1, https://goo.gl/fbAQLP

exports[`12 Meldekort test no risk no remaining holidays 1`] = `
<a
  className="lenkepanel infomelding oppgave lenkepanel--border"
  href="http://localhost:9222/meldekort"
>
  <div
    className="lenkepanel__innhold"
  >
    <div
      className="lenkepanel__ikon"
    >
      <svg
        height="48px"
        version="1.1"
        viewBox="0 0 48 48"
        width="48px"
        xmlns="http://www.w3.org/2000/svg"
        xmlnsXlink="http://www.w3.org/1999/xlink"
      >
        <g
          fill="none"
          fillRule="evenodd"
          stroke="none"
          strokeWidth="1"
        >
          <g
            transform="translate(-382.000000, -429.000000)"
          >
            <g
              transform="translate(382.000000, 429.000000)"
            >
              <circle
                cx="24"
                cy="24"
                fill="#FFBD66"
                r="24"
              />
              <path
                d="M35.5,12 C35.7760001,12 36,12.224 36,12.5 L36,35.5 C36,35.7760001 35.7760001,36 35.5,36 L12.5,36 C12.224,36 12,35.7760001 12,35.5 L12,12.5 C12,12.224 12.224,12 12.5,12 L35.5,12 Z M35,13 L13,13 L13,35 L35,35 L35,13 Z M22.853,25.1470001 C23.048,25.3420001 23.048,25.6590001 22.853,25.8540001 L17.853,30.8540001 C17.756,30.9510001 17.628,31.0000001 17.5,31.0000001 C17.372,31.0000001 17.244,30.9510001 17.146,30.8540001 L15.146,28.8540001 C14.951,28.6590001 14.951,28.3420001 15.146,28.1470001 C15.341,27.9520001 15.658,27.9520001 15.853,28.1470001 L17.5,29.7930001 L22.146,25.1470001 C22.341,24.9520001 22.658,24.9520001 22.853,25.1470001 Z M32.5,29.0000001 C32.7760001,29.0000001 33,29.2240001 33,29.5000001 C33,29.7760001 32.7760001,30.0000001 32.5,30.0000001 L24.5,30.0000001 C24.2240001,30.0000001 24,29.7760001 24,29.5000001 C24,29.2240001 24.2240001,29.0000001 24.5,29.0000001 L32.5,29.0000001 Z M22.853,16.147 C23.048,16.342 23.048,16.659 22.853,16.854 L17.853,21.854 C17.756,21.951 17.628,22 17.5,22 C17.372,22 17.244,21.951 17.146,21.854 L15.146,19.854 C14.951,19.659 14.951,19.342 15.146,19.147 C15.341,18.952 15.658,18.952 15.853,19.147 L17.5,20.793 L22.146,16.147 C22.341,15.952 22.658,15.952 22.853,16.147 Z M32.5,20 C32.7760001,20 33,20.224 33,20.5 C33,20.776 32.7760001,21 32.5,21 L24.5,21 C24.2240001,21 24,20.776 24,20.5 C24,20.224 24.2240001,20 24.5,20 L32.5,20 Z"
                fill="#3E3832"
                id="Combined-Shape"
              />
            </g>
          </g>
        </g>
      </svg>
    </div>
    <div>
      <p
        className="typo-element lenkepanel__heading"
      >
        <span>
          <span>
            Neste meldekort kan sendes fra 10. november 2018
          </span>
           
        </span>
        <span>
          <span>
            Du har tolv meldekort klare for innsending
          </span>
           
        </span>
        <span>
          <span>
            (Siste innsendingsfrist før trekk: 17. juli 2018)
          </span>
           
        </span>
        <span>
           
        </span>
      </p>
      <p
        className="typo-normal"
      >
        <span>
           
          <span>
            Oversikt over meldekort
          </span>
          .
        </span>
      </p>
      
    </div>
  </div>
  <span
    className="lenkepanel__indikator"
  />
</a>
`;

exports[`Meldekort without next card test 1`] = `null`;

exports[`basic Meldekort test 1`] = `
<a
  className="lenkepanel infomelding oppgave lenkepanel--border"
  href="http://localhost:9222/meldekort"
>
  <div
    className="lenkepanel__innhold"
  >
    <div
      className="lenkepanel__ikon"
    >
      <svg
        height="48px"
        version="1.1"
        viewBox="0 0 48 48"
        width="48px"
        xmlns="http://www.w3.org/2000/svg"
        xmlnsXlink="http://www.w3.org/1999/xlink"
      >
        <g
          fill="none"
          fillRule="evenodd"
          stroke="none"
          strokeWidth="1"
        >
          <g
            transform="translate(-382.000000, -429.000000)"
          >
            <g
              transform="translate(382.000000, 429.000000)"
            >
              <circle
                cx="24"
                cy="24"
                fill="#FFBD66"
                r="24"
              />
              <path
                d="M35.5,12 C35.7760001,12 36,12.224 36,12.5 L36,35.5 C36,35.7760001 35.7760001,36 35.5,36 L12.5,36 C12.224,36 12,35.7760001 12,35.5 L12,12.5 C12,12.224 12.224,12 12.5,12 L35.5,12 Z M35,13 L13,13 L13,35 L35,35 L35,13 Z M22.853,25.1470001 C23.048,25.3420001 23.048,25.6590001 22.853,25.8540001 L17.853,30.8540001 C17.756,30.9510001 17.628,31.0000001 17.5,31.0000001 C17.372,31.0000001 17.244,30.9510001 17.146,30.8540001 L15.146,28.8540001 C14.951,28.6590001 14.951,28.3420001 15.146,28.1470001 C15.341,27.9520001 15.658,27.9520001 15.853,28.1470001 L17.5,29.7930001 L22.146,25.1470001 C22.341,24.9520001 22.658,24.9520001 22.853,25.1470001 Z M32.5,29.0000001 C32.7760001,29.0000001 33,29.2240001 33,29.5000001 C33,29.7760001 32.7760001,30.0000001 32.5,30.0000001 L24.5,30.0000001 C24.2240001,30.0000001 24,29.7760001 24,29.5000001 C24,29.2240001 24.2240001,29.0000001 24.5,29.0000001 L32.5,29.0000001 Z M22.853,16.147 C23.048,16.342 23.048,16.659 22.853,16.854 L17.853,21.854 C17.756,21.951 17.628,22 17.5,22 C17.372,22 17.244,21.951 17.146,21.854 L15.146,19.854 C14.951,19.659 14.951,19.342 15.146,19.147 C15.341,18.952 15.658,18.952 15.853,19.147 L17.5,20.793 L22.146,16.147 C22.341,15.952 22.658,15.952 22.853,16.147 Z M32.5,20 C32.7760001,20 33,20.224 33,20.5 C33,20.776 32.7760001,21 32.5,21 L24.5,21 C24.2240001,21 24,20.776 24,20.5 C24,20.224 24.2240001,20 24.5,20 L32.5,20 Z"
                fill="#3E3832"
                id="Combined-Shape"
              />
            </g>
          </g>
        </g>
      </svg>
    </div>
    <div>
      <p
        className="typo-element lenkepanel__heading"
      >
        <span>
          <span>
            Neste meldekort kan sendes fra 10. november 2018
          </span>
           
        </span>
        <span>
          <span>
            Du har to meldekort klare for innsending
          </span>
           
        </span>
        <span>
           
        </span>
        <span>
          <span>
            <span>
              (Send inn nå, du risikerer trekk!)
            </span>
          </span>
           
        </span>
      </p>
      <p
        className="typo-normal"
      >
        <span>
          <span>
            Du har gjenstående 12 feriedager ved dagpenger.
          </span>
           
          <span>
            Oversikt over meldekort
          </span>
          .
        </span>
      </p>
      
    </div>
  </div>
  <span
    className="lenkepanel__indikator"
  />
</a>
`;

exports[`basic Meldekort test with no meldekort 1`] = `null`;

exports[`basic one Meldekort test 1`] = `
<a
  className="lenkepanel infomelding oppgave lenkepanel--border"
  href="http://localhost:9222/meldekort"
>
  <div
    className="lenkepanel__innhold"
  >
    <div
      className="lenkepanel__ikon"
    >
      <svg
        height="48px"
        version="1.1"
        viewBox="0 0 48 48"
        width="48px"
        xmlns="http://www.w3.org/2000/svg"
        xmlnsXlink="http://www.w3.org/1999/xlink"
      >
        <g
          fill="none"
          fillRule="evenodd"
          stroke="none"
          strokeWidth="1"
        >
          <g
            transform="translate(-382.000000, -429.000000)"
          >
            <g
              transform="translate(382.000000, 429.000000)"
            >
              <circle
                cx="24"
                cy="24"
                fill="#FFBD66"
                r="24"
              />
              <path
                d="M35.5,12 C35.7760001,12 36,12.224 36,12.5 L36,35.5 C36,35.7760001 35.7760001,36 35.5,36 L12.5,36 C12.224,36 12,35.7760001 12,35.5 L12,12.5 C12,12.224 12.224,12 12.5,12 L35.5,12 Z M35,13 L13,13 L13,35 L35,35 L35,13 Z M22.853,25.1470001 C23.048,25.3420001 23.048,25.6590001 22.853,25.8540001 L17.853,30.8540001 C17.756,30.9510001 17.628,31.0000001 17.5,31.0000001 C17.372,31.0000001 17.244,30.9510001 17.146,30.8540001 L15.146,28.8540001 C14.951,28.6590001 14.951,28.3420001 15.146,28.1470001 C15.341,27.9520001 15.658,27.9520001 15.853,28.1470001 L17.5,29.7930001 L22.146,25.1470001 C22.341,24.9520001 22.658,24.9520001 22.853,25.1470001 Z M32.5,29.0000001 C32.7760001,29.0000001 33,29.2240001 33,29.5000001 C33,29.7760001 32.7760001,30.0000001 32.5,30.0000001 L24.5,30.0000001 C24.2240001,30.0000001 24,29.7760001 24,29.5000001 C24,29.2240001 24.2240001,29.0000001 24.5,29.0000001 L32.5,29.0000001 Z M22.853,16.147 C23.048,16.342 23.048,16.659 22.853,16.854 L17.853,21.854 C17.756,21.951 17.628,22 17.5,22 C17.372,22 17.244,21.951 17.146,21.854 L15.146,19.854 C14.951,19.659 14.951,19.342 15.146,19.147 C15.341,18.952 15.658,18.952 15.853,19.147 L17.5,20.793 L22.146,16.147 C22.341,15.952 22.658,15.952 22.853,16.147 Z M32.5,20 C32.7760001,20 33,20.224 33,20.5 C33,20.776 32.7760001,21 32.5,21 L24.5,21 C24.2240001,21 24,20.776 24,20.5 C24,20.224 24.2240001,20 24.5,20 L32.5,20 Z"
                fill="#3E3832"
                id="Combined-Shape"
              />
            </g>
          </g>
        </g>
      </svg>
    </div>
    <div>
      <p
        className="typo-element lenkepanel__heading"
      >
        <span>
          <span>
            Neste meldekort kan sendes fra 10. november 2018
          </span>
           
        </span>
        <span>
          <span>
            Du har ett meldekort for uke 42-43 (17.07.2018-17.07.2018) klart for innsending
          </span>
           
        </span>
        <span>
           
        </span>
        <span>
          <span>
            <span>
              (Send inn nå, du risikerer trekk!)
            </span>
          </span>
           
        </span>
      </p>
      <p
        className="typo-normal"
      >
        <span>
          <span>
            Du har gjenstående 12 feriedager ved dagpenger.
          </span>
           
          <span>
            Send meldekort
          </span>
          .
        </span>
      </p>
      
    </div>
  </div>
  <span
    className="lenkepanel__indikator"
  />
</a>
`;

exports[`basic one Meldekort test no risk 1`] = `
<a
  className="lenkepanel infomelding oppgave lenkepanel--border"
  href="http://localhost:9222/meldekort"
>
  <div
    className="lenkepanel__innhold"
  >
    <div
      className="lenkepanel__ikon"
    >
      <svg
        height="48px"
        version="1.1"
        viewBox="0 0 48 48"
        width="48px"
        xmlns="http://www.w3.org/2000/svg"
        xmlnsXlink="http://www.w3.org/1999/xlink"
      >
        <g
          fill="none"
          fillRule="evenodd"
          stroke="none"
          strokeWidth="1"
        >
          <g
            transform="translate(-382.000000, -429.000000)"
          >
            <g
              transform="translate(382.000000, 429.000000)"
            >
              <circle
                cx="24"
                cy="24"
                fill="#FFBD66"
                r="24"
              />
              <path
                d="M35.5,12 C35.7760001,12 36,12.224 36,12.5 L36,35.5 C36,35.7760001 35.7760001,36 35.5,36 L12.5,36 C12.224,36 12,35.7760001 12,35.5 L12,12.5 C12,12.224 12.224,12 12.5,12 L35.5,12 Z M35,13 L13,13 L13,35 L35,35 L35,13 Z M22.853,25.1470001 C23.048,25.3420001 23.048,25.6590001 22.853,25.8540001 L17.853,30.8540001 C17.756,30.9510001 17.628,31.0000001 17.5,31.0000001 C17.372,31.0000001 17.244,30.9510001 17.146,30.8540001 L15.146,28.8540001 C14.951,28.6590001 14.951,28.3420001 15.146,28.1470001 C15.341,27.9520001 15.658,27.9520001 15.853,28.1470001 L17.5,29.7930001 L22.146,25.1470001 C22.341,24.9520001 22.658,24.9520001 22.853,25.1470001 Z M32.5,29.0000001 C32.7760001,29.0000001 33,29.2240001 33,29.5000001 C33,29.7760001 32.7760001,30.0000001 32.5,30.0000001 L24.5,30.0000001 C24.2240001,30.0000001 24,29.7760001 24,29.5000001 C24,29.2240001 24.2240001,29.0000001 24.5,29.0000001 L32.5,29.0000001 Z M22.853,16.147 C23.048,16.342 23.048,16.659 22.853,16.854 L17.853,21.854 C17.756,21.951 17.628,22 17.5,22 C17.372,22 17.244,21.951 17.146,21.854 L15.146,19.854 C14.951,19.659 14.951,19.342 15.146,19.147 C15.341,18.952 15.658,18.952 15.853,19.147 L17.5,20.793 L22.146,16.147 C22.341,15.952 22.658,15.952 22.853,16.147 Z M32.5,20 C32.7760001,20 33,20.224 33,20.5 C33,20.776 32.7760001,21 32.5,21 L24.5,21 C24.2240001,21 24,20.776 24,20.5 C24,20.224 24.2240001,20 24.5,20 L32.5,20 Z"
                fill="#3E3832"
                id="Combined-Shape"
              />
            </g>
          </g>
        </g>
      </svg>
    </div>
    <div>
      <p
        className="typo-element lenkepanel__heading"
      >
        <span>
          <span>
            Neste meldekort kan sendes fra 10. november 2018
          </span>
           
        </span>
        <span>
          <span>
            Du har ett meldekort for uke 42-43 (17.07.2018-17.07.2018) klart for innsending
          </span>
           
        </span>
        <span>
          <span>
            (Siste innsendingsfrist før trekk: 9. august 2018)
          </span>
           
        </span>
        <span>
           
        </span>
      </p>
      <p
        className="typo-normal"
      >
        <span>
          <span>
            Du har gjenstående 12 feriedager ved dagpenger.
          </span>
           
          <span>
            Send meldekort
          </span>
          .
        </span>
      </p>
      
    </div>
  </div>
  <span
    className="lenkepanel__indikator"
  />
</a>
`;

exports[`basic one Meldekort test no risk no remaining holidays 1`] = `
<a
  className="lenkepanel infomelding oppgave lenkepanel--border"
  href="http://localhost:9222/meldekort"
>
  <div
    className="lenkepanel__innhold"
  >
    <div
      className="lenkepanel__ikon"
    >
      <svg
        height="48px"
        version="1.1"
        viewBox="0 0 48 48"
        width="48px"
        xmlns="http://www.w3.org/2000/svg"
        xmlnsXlink="http://www.w3.org/1999/xlink"
      >
        <g
          fill="none"
          fillRule="evenodd"
          stroke="none"
          strokeWidth="1"
        >
          <g
            transform="translate(-382.000000, -429.000000)"
          >
            <g
              transform="translate(382.000000, 429.000000)"
            >
              <circle
                cx="24"
                cy="24"
                fill="#FFBD66"
                r="24"
              />
              <path
                d="M35.5,12 C35.7760001,12 36,12.224 36,12.5 L36,35.5 C36,35.7760001 35.7760001,36 35.5,36 L12.5,36 C12.224,36 12,35.7760001 12,35.5 L12,12.5 C12,12.224 12.224,12 12.5,12 L35.5,12 Z M35,13 L13,13 L13,35 L35,35 L35,13 Z M22.853,25.1470001 C23.048,25.3420001 23.048,25.6590001 22.853,25.8540001 L17.853,30.8540001 C17.756,30.9510001 17.628,31.0000001 17.5,31.0000001 C17.372,31.0000001 17.244,30.9510001 17.146,30.8540001 L15.146,28.8540001 C14.951,28.6590001 14.951,28.3420001 15.146,28.1470001 C15.341,27.9520001 15.658,27.9520001 15.853,28.1470001 L17.5,29.7930001 L22.146,25.1470001 C22.341,24.9520001 22.658,24.9520001 22.853,25.1470001 Z M32.5,29.0000001 C32.7760001,29.0000001 33,29.2240001 33,29.5000001 C33,29.7760001 32.7760001,30.0000001 32.5,30.0000001 L24.5,30.0000001 C24.2240001,30.0000001 24,29.7760001 24,29.5000001 C24,29.2240001 24.2240001,29.0000001 24.5,29.0000001 L32.5,29.0000001 Z M22.853,16.147 C23.048,16.342 23.048,16.659 22.853,16.854 L17.853,21.854 C17.756,21.951 17.628,22 17.5,22 C17.372,22 17.244,21.951 17.146,21.854 L15.146,19.854 C14.951,19.659 14.951,19.342 15.146,19.147 C15.341,18.952 15.658,18.952 15.853,19.147 L17.5,20.793 L22.146,16.147 C22.341,15.952 22.658,15.952 22.853,16.147 Z M32.5,20 C32.7760001,20 33,20.224 33,20.5 C33,20.776 32.7760001,21 32.5,21 L24.5,21 C24.2240001,21 24,20.776 24,20.5 C24,20.224 24.2240001,20 24.5,20 L32.5,20 Z"
                fill="#3E3832"
                id="Combined-Shape"
              />
            </g>
          </g>
        </g>
      </svg>
    </div>
    <div>
      <p
        className="typo-element lenkepanel__heading"
      >
        <span>
          <span>
            Neste meldekort kan sendes fra 10. november 2018
          </span>
           
        </span>
        <span>
          <span>
            Du har ett meldekort for uke week 42 (17.07.2018-17.07.2018) klart for innsending
          </span>
           
        </span>
        <span>
          <span>
            (Siste innsendingsfrist før trekk: 17. juli 2018)
          </span>
           
        </span>
        <span>
           
        </span>
      </p>
      <p
        className="typo-normal"
      >
        <span>
           
          <span>
            Send meldekort
          </span>
          .
        </span>
      </p>
      
    </div>
  </div>
  <span
    className="lenkepanel__indikator"
  />
</a>
`;

exports[`basic zero Meldekort test 1`] = `
<a
  className="lenkepanel infomelding meldekort-innsendt lenkepanel--border"
  href="http://localhost:9222/meldekort"
>
  <div
    className="lenkepanel__innhold"
  >
    <div
      className="lenkepanel__ikon"
    >
      <svg
        height="48px"
        version="1.1"
        viewBox="0 0 48 48"
        width="48px"
        xmlns="http://www.w3.org/2000/svg"
        xmlnsXlink="http://www.w3.org/1999/xlink"
      >
        <g
          fill="none"
          fillRule="evenodd"
          stroke="none"
          strokeWidth="1"
        >
          <g
            transform="translate(-382.000000, -303.000000)"
          >
            <g
              transform="translate(382.000000, 303.000000)"
            >
              <circle
                cx="24"
                cy="24"
                fill="#C2EAF7"
                r="24"
              />
              <path
                d="M23.5,12 C29.8410001,12 35,17.159 35,23.5 C35,29.8410001 29.8410001,35 23.5,35 C17.159,35 12,29.8410001 12,23.5 C12,17.159 17.159,12 23.5,12 Z M23.5,13 C17.71,13 13,17.71 13,23.5 C13,29.2900001 17.71,34 23.5,34 C29.2900001,34 34,29.2900001 34,23.5 C34,17.71 29.2900001,13 23.5,13 Z M21.5,21 L23.5,21 C23.7453334,21 23.9495803,21.1769877 23.9919397,21.4101619 L24,21.5 L24,30 L26.5,30 C26.7760001,30 27,30.2240001 27,30.5 C27,30.7453334 26.8230124,30.9495803 26.5898382,30.9919397 L26.5,31 L20.5,31 C20.224,31 20,30.7760001 20,30.5 C20,30.2546667 20.1769877,30.0504198 20.4101619,30.0080604 L20.5,30 L23,30 L23,22 L21.5,22 C21.224,22 21,21.776 21,21.5 C21,21.2546667 21.1769877,21.0504198 21.4101619,21.0080604 L21.5,21 L23.5,21 Z M23,16.5 C23.5522848,16.5 24,16.9477153 24,17.5 C24,18.0522848 23.5522848,18.5 23,18.5 C22.4477153,18.5 22,18.0522848 22,17.5 C22,16.9477153 22.4477153,16.5 23,16.5 Z"
                fill="#3E3832"
                id="Combined-Shape"
              />
            </g>
          </g>
        </g>
      </svg>
    </div>
    <div>
      <p
        className="typo-element lenkepanel__heading"
      >
        <span>
          <span>
            Neste meldekort kan sendes fra 10. november 2018
          </span>
           
        </span>
        <span>
          <span>
            <span>
              (Send inn nå, du risikerer trekk!)
            </span>
          </span>
           
        </span>
      </p>
      <p
        className="typo-normal"
      >
        <span>
          Du har gjenstående 12 feriedager ved dagpenger.
        </span>
      </p>
      
    </div>
  </div>
  <span
    className="lenkepanel__indikator"
  />
</a>
`;

exports[`more than 13 Meldekort test no risk no remaining holidays 1`] = `
<a
  className="lenkepanel infomelding oppgave lenkepanel--border"
  href="http://localhost:9222/meldekort"
>
  <div
    className="lenkepanel__innhold"
  >
    <div
      className="lenkepanel__ikon"
    >
      <svg
        height="48px"
        version="1.1"
        viewBox="0 0 48 48"
        width="48px"
        xmlns="http://www.w3.org/2000/svg"
        xmlnsXlink="http://www.w3.org/1999/xlink"
      >
        <g
          fill="none"
          fillRule="evenodd"
          stroke="none"
          strokeWidth="1"
        >
          <g
            transform="translate(-382.000000, -429.000000)"
          >
            <g
              transform="translate(382.000000, 429.000000)"
            >
              <circle
                cx="24"
                cy="24"
                fill="#FFBD66"
                r="24"
              />
              <path
                d="M35.5,12 C35.7760001,12 36,12.224 36,12.5 L36,35.5 C36,35.7760001 35.7760001,36 35.5,36 L12.5,36 C12.224,36 12,35.7760001 12,35.5 L12,12.5 C12,12.224 12.224,12 12.5,12 L35.5,12 Z M35,13 L13,13 L13,35 L35,35 L35,13 Z M22.853,25.1470001 C23.048,25.3420001 23.048,25.6590001 22.853,25.8540001 L17.853,30.8540001 C17.756,30.9510001 17.628,31.0000001 17.5,31.0000001 C17.372,31.0000001 17.244,30.9510001 17.146,30.8540001 L15.146,28.8540001 C14.951,28.6590001 14.951,28.3420001 15.146,28.1470001 C15.341,27.9520001 15.658,27.9520001 15.853,28.1470001 L17.5,29.7930001 L22.146,25.1470001 C22.341,24.9520001 22.658,24.9520001 22.853,25.1470001 Z M32.5,29.0000001 C32.7760001,29.0000001 33,29.2240001 33,29.5000001 C33,29.7760001 32.7760001,30.0000001 32.5,30.0000001 L24.5,30.0000001 C24.2240001,30.0000001 24,29.7760001 24,29.5000001 C24,29.2240001 24.2240001,29.0000001 24.5,29.0000001 L32.5,29.0000001 Z M22.853,16.147 C23.048,16.342 23.048,16.659 22.853,16.854 L17.853,21.854 C17.756,21.951 17.628,22 17.5,22 C17.372,22 17.244,21.951 17.146,21.854 L15.146,19.854 C14.951,19.659 14.951,19.342 15.146,19.147 C15.341,18.952 15.658,18.952 15.853,19.147 L17.5,20.793 L22.146,16.147 C22.341,15.952 22.658,15.952 22.853,16.147 Z M32.5,20 C32.7760001,20 33,20.224 33,20.5 C33,20.776 32.7760001,21 32.5,21 L24.5,21 C24.2240001,21 24,20.776 24,20.5 C24,20.224 24.2240001,20 24.5,20 L32.5,20 Z"
                fill="#3E3832"
                id="Combined-Shape"
              />
            </g>
          </g>
        </g>
      </svg>
    </div>
    <div>
      <p
        className="typo-element lenkepanel__heading"
      >
        <span>
          <span>
            Neste meldekort kan sendes fra 10. november 2018
          </span>
           
        </span>
        <span>
          <span>
            Du har 13 meldekort klare for innsending
          </span>
           
        </span>
        <span>
          <span>
            (Siste innsendingsfrist før trekk: 17. juli 2018)
          </span>
           
        </span>
        <span>
           
        </span>
      </p>
      <p
        className="typo-normal"
      >
        <span>
           
          <span>
            Oversikt over meldekort
          </span>
          .
        </span>
      </p>
      
    </div>
  </div>
  <span
    className="lenkepanel__indikator"
  />
</a>
`;

exports[`nesteInnsendingAvMeldekort is null 1`] = `
<a
  className="lenkepanel infomelding oppgave lenkepanel--border"
  href="http://localhost:9222/meldekort"
>
  <div
    className="lenkepanel__innhold"
  >
    <div
      className="lenkepanel__ikon"
    >
      <svg
        height="48px"
        version="1.1"
        viewBox="0 0 48 48"
        width="48px"
        xmlns="http://www.w3.org/2000/svg"
        xmlnsXlink="http://www.w3.org/1999/xlink"
      >
        <g
          fill="none"
          fillRule="evenodd"
          stroke="none"
          strokeWidth="1"
        >
          <g
            transform="translate(-382.000000, -429.000000)"
          >
            <g
              transform="translate(382.000000, 429.000000)"
            >
              <circle
                cx="24"
                cy="24"
                fill="#FFBD66"
                r="24"
              />
              <path
                d="M35.5,12 C35.7760001,12 36,12.224 36,12.5 L36,35.5 C36,35.7760001 35.7760001,36 35.5,36 L12.5,36 C12.224,36 12,35.7760001 12,35.5 L12,12.5 C12,12.224 12.224,12 12.5,12 L35.5,12 Z M35,13 L13,13 L13,35 L35,35 L35,13 Z M22.853,25.1470001 C23.048,25.3420001 23.048,25.6590001 22.853,25.8540001 L17.853,30.8540001 C17.756,30.9510001 17.628,31.0000001 17.5,31.0000001 C17.372,31.0000001 17.244,30.9510001 17.146,30.8540001 L15.146,28.8540001 C14.951,28.6590001 14.951,28.3420001 15.146,28.1470001 C15.341,27.9520001 15.658,27.9520001 15.853,28.1470001 L17.5,29.7930001 L22.146,25.1470001 C22.341,24.9520001 22.658,24.9520001 22.853,25.1470001 Z M32.5,29.0000001 C32.7760001,29.0000001 33,29.2240001 33,29.5000001 C33,29.7760001 32.7760001,30.0000001 32.5,30.0000001 L24.5,30.0000001 C24.2240001,30.0000001 24,29.7760001 24,29.5000001 C24,29.2240001 24.2240001,29.0000001 24.5,29.0000001 L32.5,29.0000001 Z M22.853,16.147 C23.048,16.342 23.048,16.659 22.853,16.854 L17.853,21.854 C17.756,21.951 17.628,22 17.5,22 C17.372,22 17.244,21.951 17.146,21.854 L15.146,19.854 C14.951,19.659 14.951,19.342 15.146,19.147 C15.341,18.952 15.658,18.952 15.853,19.147 L17.5,20.793 L22.146,16.147 C22.341,15.952 22.658,15.952 22.853,16.147 Z M32.5,20 C32.7760001,20 33,20.224 33,20.5 C33,20.776 32.7760001,21 32.5,21 L24.5,21 C24.2240001,21 24,20.776 24,20.5 C24,20.224 24.2240001,20 24.5,20 L32.5,20 Z"
                fill="#3E3832"
                id="Combined-Shape"
              />
            </g>
          </g>
        </g>
      </svg>
    </div>
    <div>
      <p
        className="typo-element lenkepanel__heading"
      >
        <span>
           
        </span>
        <span>
          <span>
            Du har ett meldekort for uke 42-43 (17.07.2018-17.07.2018) klart for innsending
          </span>
           
        </span>
        <span>
          <span>
            (Siste innsendingsfrist før trekk: 9. august 2018)
          </span>
           
        </span>
        <span>
           
        </span>
      </p>
      <p
        className="typo-normal"
      >
        <span>
          <span>
            Du har gjenstående 12 feriedager ved dagpenger.
          </span>
           
          <span>
            Send meldekort
          </span>
          .
        </span>
      </p>
      
    </div>
  </div>
  <span
    className="lenkepanel__indikator"
  />
</a>
`;

exports[`no cards no risk 1`] = `
<a
  className="lenkepanel infomelding meldekort-innsendt lenkepanel--border"
  href="http://localhost:9222/meldekort"
>
  <div
    className="lenkepanel__innhold"
  >
    <div
      className="lenkepanel__ikon"
    >
      <svg
        height="48px"
        version="1.1"
        viewBox="0 0 48 48"
        width="48px"
        xmlns="http://www.w3.org/2000/svg"
        xmlnsXlink="http://www.w3.org/1999/xlink"
      >
        <g
          fill="none"
          fillRule="evenodd"
          stroke="none"
          strokeWidth="1"
        >
          <g
            transform="translate(-382.000000, -303.000000)"
          >
            <g
              transform="translate(382.000000, 303.000000)"
            >
              <circle
                cx="24"
                cy="24"
                fill="#C2EAF7"
                r="24"
              />
              <path
                d="M23.5,12 C29.8410001,12 35,17.159 35,23.5 C35,29.8410001 29.8410001,35 23.5,35 C17.159,35 12,29.8410001 12,23.5 C12,17.159 17.159,12 23.5,12 Z M23.5,13 C17.71,13 13,17.71 13,23.5 C13,29.2900001 17.71,34 23.5,34 C29.2900001,34 34,29.2900001 34,23.5 C34,17.71 29.2900001,13 23.5,13 Z M21.5,21 L23.5,21 C23.7453334,21 23.9495803,21.1769877 23.9919397,21.4101619 L24,21.5 L24,30 L26.5,30 C26.7760001,30 27,30.2240001 27,30.5 C27,30.7453334 26.8230124,30.9495803 26.5898382,30.9919397 L26.5,31 L20.5,31 C20.224,31 20,30.7760001 20,30.5 C20,30.2546667 20.1769877,30.0504198 20.4101619,30.0080604 L20.5,30 L23,30 L23,22 L21.5,22 C21.224,22 21,21.776 21,21.5 C21,21.2546667 21.1769877,21.0504198 21.4101619,21.0080604 L21.5,21 L23.5,21 Z M23,16.5 C23.5522848,16.5 24,16.9477153 24,17.5 C24,18.0522848 23.5522848,18.5 23,18.5 C22.4477153,18.5 22,18.0522848 22,17.5 C22,16.9477153 22.4477153,16.5 23,16.5 Z"
                fill="#3E3832"
                id="Combined-Shape"
              />
            </g>
          </g>
        </g>
      </svg>
    </div>
    <div>
      <p
        className="typo-element lenkepanel__heading"
      >
        <span>
          <span>
            Neste meldekort kan sendes fra 10. november 2018
          </span>
           
        </span>
        <span>
           
        </span>
      </p>
      <p
        className="typo-normal"
      >
        <span>
          Du har gjenstående 12 feriedager ved dagpenger.
        </span>
      </p>
      
    </div>
  </div>
  <span
    className="lenkepanel__indikator"
  />
</a>
`;
