// Jest Snapshot v1, https://goo.gl/fbAQLP

exports[`render empty InfoMeldinger component 1`] = `
<InfoMeldinger
  beskjeder={null}
  innbokser={null}
  innlogging={null}
  meldekort={null}
  mininnboks={Array []}
  oppgaver={null}
  paabegynteSoknader={null}
/>
`;
