// Jest Snapshot v1, https://goo.gl/fbAQLP

exports[`RegStatusLink basic test 1`] = `null`;
